Compiling lib\main.dart for the Web...                          
C:\flutter\bin\flutter.
bat : Wasm dry run 
findings:
At line:1 char:1
+ C:\flutter\bin\flutte
r.bat build web 
--release 2>&1 | 
Out-File -FileP ...
+ ~~~~~~~~~~~~~~~~~~~~~
~~~~~~~~~~~~~~~~~~~~~~~
~~~~~~~
    + CategoryInfo     
         : NotSpecifi  
  ed: (Wasm dry run    
 findings::String)     
[], RemoteExceptio    n
    + FullyQualifiedEr 
   rorId : NativeComm  
  andError
 
Found 
incompatibilities with 
WebAssembly.

package:flutter_secure_
storage_web/flutter_sec
ure_storage_web.dart 
5:1 - dart:html 
unsupported (0)
package:flutter_secure_
storage_web/flutter_sec
ure_storage_web.dart 
6:1 - dart:js_util 
unsupported (15)
package:flutter_secure_
storage_web/src/subtle.
dart 21:1 - dart:html 
unsupported (0)
package:flutter_secure_
storage_web/src/subtle.
dart 22:1 - 
dart:js_util 
unsupported (15)
package:flutter_secure_
storage_web/src/subtle.
dart 26:1 - 
package:js/js.dart 
unsupported (14)

Consider addressing 
these issues to enable 
wasm builds. See docs 
for more info: https://
docs.flutter.dev/platfo
rm-integration/web/wasm

Use --no-wasm-dry-run 
to disable these 
warnings.
Font asset "CupertinoIcons.ttf" was tree-shaken, reducing it from 257628 to 1472 bytes (99.4% reduction). Tree-shaking can be disabled by providing the --no-tree-shake-icons flag when building your app.
Font asset "MaterialIcons-Regular.otf" was tree-shaken, reducing it from 1645184 to 11696 bytes (99.3% reduction). Tree-shaking can be disabled by providing the --no-tree-shake-icons flag when building your app.
Compiling lib\main.dart for the Web...                             62.0s
ΓêÜ Built build\web
